---
source: tests/cases_tests.rs
input_file: tests/cases/html/single_element.html
---
HtmlRoot(
  doctype: None,
  children: [
    Node(
      children: [],
      node_type: Element(Element(
        tag_name: "div",
        atributes: {},
      )),
    ),
  ],
)
